--------------------------------------------------------------------------
Class Name: Simple
Superclass Name: 
Fields:
Constructors:
Methods:
METHOD: 1, test, Simple, private, instance
Method Parameters: 1
Variable Table:
VARIABLE: 1, a, formal, int
Method Body:
Block([
Expr(Assign(Variable(1), Variable(1))),
Expr(Assign(Variable(1), Unary(neg, Variable(1)))),
Expr(Assign(Variable(1), Unary(uminus, Variable(1))))
])
--------------------------------------------------------------------------
