--------------------------------------------------------------------------
Class Name: LocalScoping
Superclass Name: 
Fields:
Constructors:
Methods:
METHOD: 1, method, LocalScoping, private, instance
Method Parameters: 
Variable Table:
VARIABLE: 1, x, local, int
VARIABLE: 3, z, local, int
Method Body:
Block([
Expr(Assign(Variable(1), Constant(Integer-constant(10)))),
Block([
Expr(Assign(Variable(2), Binary(add, Variable(1), Constant(Integer-constant(1)))))
]),
Expr(Assign(Variable(3), Binary(add, Variable(1), Constant(Integer-constant(2)))))
])
--------------------------------------------------------------------------
