--------------------------------------------------------------------------
Class Name: Simple
Superclass Name: 
Fields:
Constructors:
Methods:
--------------------------------------------------------------------------
