--------------------------------------------------------------------------
Class Name: test003
Superclass Name: 
Fields:
Constructors:
Methods:
METHOD: 1, main, test003, public, static, void
Method Parameters: 
Variable Table:
VARIABLE: 1, a, local, int
VARIABLE: 2, b, local, int
Method Body:
Block([
Expr(Assign(Variable(1), Constant(Integer-constant(19)), int, int)),
Expr(Assign(Variable(2), Variable(1), int, int))
])
--------------------------------------------------------------------------
