--------------------------------------------------------------------------
Class Name: Parent
Superclass Name: 
Fields:
FIELD: 1, x, Parent, private, instance, int
Constructors:
Methods:
METHOD: 1, getX, Parent, private, instance, int
Method Parameters: 
Variable Table:
Method Body:
Block([
Return(Field-access(This, x, 1))
])
--------------------------------------------------------------------------
Class Name: Child
Superclass Name: Parent
Fields:
Constructors:
Methods:
METHOD: 2, getX, Child, private, instance, int
Method Parameters: 
Variable Table:
Method Body:
Block([
Return(Binary(add, Method-call(Super, getX, []), Constant(Integer-constant(1))))
])
--------------------------------------------------------------------------
